// Jest Snapshot v1, https://goo.gl/fbAQLP

exports[`VocabScreen component renders correctly 1`] = `
<View
  style={
    Object {
      "alignItems": "center",
      "backgroundColor": "#0496FF",
      "flex": 1,
      "justifyContent": "center",
      "paddingBottom": 10,
    }
  }
>
  <View
    style={
      Object {
        "alignItems": "center",
        "backgroundColor": "white",
        "height": 333.5,
        "justifyContent": "center",
        "width": 562.5,
      }
    }
  >
    <Text
      accessible={true}
      allowFontScaling={true}
      ellipsizeMode="tail"
      style={
        Object {
          "color": "black",
          "fontSize": 18,
          "textAlign": "center",
        }
      }
    >
      ἀγορά, ἀγορᾶς, ἡ
    </Text>
  </View>
  <View>
    <View
      style={
        Object {
          "flexDirection": "row",
        }
      }
    >
      <View
        accessibilityComponentType={undefined}
        accessibilityLabel={undefined}
        accessibilityTraits={undefined}
        accessible={true}
        hitSlop={undefined}
        isTVSelectable={true}
        onLayout={undefined}
        onResponderGrant={[Function]}
        onResponderMove={[Function]}
        onResponderRelease={[Function]}
        onResponderTerminate={[Function]}
        onResponderTerminationRequest={[Function]}
        onStartShouldSetResponder={[Function]}
        style={
          Object {
            "backgroundColor": "#D81159",
            "borderRadius": 5,
            "height": 45,
            "justifyContent": "center",
            "marginHorizontal": 25,
            "marginVertical": 10,
            "opacity": 1,
            "width": 150,
          }
        }
        testID={undefined}
        tvParallaxProperties={undefined}
      >
        <Text
          accessible={true}
          allowFontScaling={true}
          ellipsizeMode="tail"
          style={
            Object {
              "color": "#ffffff",
              "fontSize": 14,
              "fontWeight": "bold",
              "marginVertical": 10,
              "textAlign": "center",
            }
          }
        >
          FLIP
        </Text>
      </View>
    </View>
  </View>
</View>
`;
